device: cuda
cases=429  points/case=502  state dim=28 (dropped: ['AR'])
split  train=300 val=64 test=65
t_ign defining the coordinate: MEASURED  -- inference must predict it, so the deployed grid is shifted by the correlation error
time coordinate: IGNITION-ALIGNED (tau = (t+delta)/t_ign; ignition at the same u for every case)
  t_ign correlation: 0.004 dex RMS on train, 0.004 on test (needed to build u at inference)
  t_ign basis 'cubic': 1000/T0 + log10 P + O2/CH4 + H2O/CH4 + 1000/T0*1000/T0 + 1000/T0*log10 P + 1000/T0*O2/CH4 + 1000/T0*H2O/CH4 + log10 P*log10 P + log10 P*O2/CH4 + log10 P*H2O/CH4 + O2/CH4*O2/CH4 + O2/CH4*H2O/CH4 + H2O/CH4*H2O/CH4 + 1000/T0*1000/T0*1000/T0 + 1000/T0*1000/T0*log10 P + 1000/T0*1000/T0*O2/CH4 + 1000/T0*1000/T0*H2O/CH4 + 1000/T0*log10 P*log10 P + 1000/T0*log10 P*O2/CH4 + 1000/T0*log10 P*H2O/CH4 + 1000/T0*O2/CH4*O2/CH4 + 1000/T0*O2/CH4*H2O/CH4 + 1000/T0*H2O/CH4*H2O/CH4 + log10 P*log10 P*log10 P + log10 P*log10 P*O2/CH4 + log10 P*log10 P*H2O/CH4 + log10 P*O2/CH4*O2/CH4 + log10 P*O2/CH4*H2O/CH4 + log10 P*H2O/CH4*H2O/CH4 + O2/CH4*O2/CH4*O2/CH4 + O2/CH4*O2/CH4*H2O/CH4 + O2/CH4*H2O/CH4*H2O/CH4 + H2O/CH4*H2O/CH4*H2O/CH4 + const
  t_ign basis comparison (dex RMS; choose on val):
     arrhenius      train 0.0403  val 0.0391  test 0.0359
     arrhenius_log  train 0.0400  val 0.0382  test 0.0354
     quadratic      train 0.0125  val 0.0131  test 0.0106
     cubic          train 0.0041  val 0.0041  test 0.0043  <- in use
     rbf            train 0.0000  val 0.0029  test 0.0018
  NOTE: under predicted alignment the model's ignition error is this number,
        not the t_ign_dex reported with true alignment.
log-time: delta=3.533e-10s  s in [-6.27,6.65] (12.92 decades)
T range 1104.3..3281.7 K   log10Y range -12.00..0.00
|dz/dt| max = 9.567e+14 1/s  ->  |dz/du| max = 1.482e+04  (rate_scale max 5.928e+02, 9.31% of targets replaced by central diff)
first sampled interval jumps up to 5.08 decades (median case 4.84); the ODE must cross this unaided -- raise y_floor if it is large
species scaling: 'physical' -- one z-unit is 6.00 decades in every species channel
  -> |z| <= 1 on the species channels IS 0 <= Y <= 1; box=1.005 targets Y <= 1.072 (soft gate, so a long step can still overshoot it)
initial-state noise: 0.03 decades on every species channel
rate loss: 'symlog', eps DERIVED from a 0.05-decade / 5 K drift budget over du_induction=0.316
  eps: T 2.6e-05   species 4.5e-05..5.0e-01   tightest: CH 4.5e-05, CH2 8.1e-05, C2H2 8.8e-05, CH2(S) 9.3e-05
  (a channel needing eps below 1e-6 is clipped there; 0 of 28 are)
rate head: 'sinh' k=10, resolution near zero 37x finer than the linear head of the same bound
phase balance: OFF -- the trajectory loss is dominated by the ignition window
first interval: handled by a learned MAP (anchor=1); the ODE starts at sample 1,
       so the 5.08-decade jump is not the field's problem and no window starts at t=0
field: f(z, u, c) -- reads the clock. Ignition timing can be taken from u rather than from the state.
augmented channels: 0  (none -- the flow must be representable in z alone)
conditioning: ['p', 'T0', 'O2/CH4', 'H2O/CH4']
NOTE: val u reaches 1.0076 > 1 -- 1 case(s) run longer than any training case, so the model extrapolates in time there
split membership (case indices, as reported by chemnode_eval.py):
  train (300 cases): T0 1203-2041 K  P 49.0-73.0 bar  O2/CH4 0.476-0.804  H2O/CH4 0.357-0.437
        t_ign 5.213e-07 - 6.358e-04 s
           0    2    3    4    7    8    9   11   12   18   19   20   24   25   26   27   29   30   32   33
          37   38   40   44   45   46   47   48   50   51   52   53   54   55   56   58   59   60   61   62
          64   66   67   68   70   72   73   75   77   79   80   81   82   83   84   86   88   89   91   92
          93   94   95   96   98  100  101  104  107  108  112  115  118  119  120  121  124  126  127  128
         130  131  132  133  134  135  138  140  143  144  145  146  147  148  149  150  151  152  153  154
         155  156  158  159  161  162  164  165  166  168  169  171  172  173  174  176  178  179  180  181
         183  184  185  186  191  192  193  196  197  198  200  201  202  203  204  205  207  210  211  213
         214  215  216  217  219  222  225  226  227  228  229  230  231  232  233  234  235  236  238  239
         241  242  243  244  245  246  247  248  249  250  251  252  253  254  255  256  257  258  259  260
         261  262  263  264  265  268  269  270  271  273  276  280  281  282  283  284  285  288  289  291
         292  293  294  295  298  299  302  304  305  306  307  308  310  311  315  318  319  321  322  323
         326  327  328  330  331  332  334  336  337  338  339  340  341  342  344  345  346  347  349  350
         351  353  354  355  356  357  358  359  360  362  363  364  367  368  370  371  372  373  374  375
         376  377  381  382  383  384  385  386  388  389  390  391  393  395  398  399  400  402  403  404
         405  406  408  409  410  411  412  414  416  417  418  419  420  421  422  424  425  426  427  428
  val   ( 64 cases): T0 1221-2029 K  P 49.7-72.5 bar  O2/CH4 0.482-0.803  H2O/CH4 0.357-0.438
        t_ign 5.976e-07 - 4.008e-04 s
           1    5   10   13   21   28   39   63   65   69   71   74   78   85   87   90   99  103  106  111
         114  116  117  123  125  142  157  170  177  187  188  189  199  206  209  218  220  221  223  224
         266  274  277  278  301  312  324  329  335  343  348  352  361  365  369  378  380  387  392  394
         397  407  415  423
  test  ( 65 cases): T0 1213-2043 K  P 49.4-72.6 bar  O2/CH4 0.479-0.801  H2O/CH4 0.359-0.438
        t_ign 4.863e-07 - 4.109e-04 s
           6   14   15   16   17   22   23   31   34   35   36   41   42   43   49   57   76   97  102  105
         109  110  113  122  129  136  137  139  141  160  163  167  175  182  190  194  195  208  212  237
         240  267  272  275  279  286  287  290  296  297  300  303  309  313  314  316  317  320  325  333
         366  379  396  401  413
parameters: 2.23 M
pretrain    1/600  train 8.3928e-01  val dz/du 6.6417e-01  val init 2.8949e-03  *
pretrain   10/600  train 3.4552e-01  val dz/du 3.1413e-01  val init 3.7107e-04  *
pretrain   20/600  train 2.5450e-01  val dz/du 2.6409e-01  val init 2.8405e-04  *
pretrain   30/600  train 2.3150e-01  val dz/du 2.5291e-01  val init 2.7537e-04  *
pretrain   40/600  train 1.7830e-01  val dz/du 2.0444e-01  val init 2.6679e-04  *
pretrain   50/600  train 1.8319e-01  val dz/du 1.8242e-01  val init 2.5879e-04  *
pretrain   60/600  train 1.3575e-01  val dz/du 1.7763e-01  val init 2.3751e-04  *
pretrain   70/600  train 1.4140e-01  val dz/du 1.1504e-01  val init 2.4478e-04  *
pretrain   80/600  train 1.2849e-01  val dz/du 1.1286e-01  val init 2.5414e-05  *
pretrain   90/600  train 1.1596e-01  val dz/du 1.1493e-01  val init 1.9847e-05
pretrain  100/600  train 8.7912e-02  val dz/du 8.9168e-02  val init 1.7827e-05  *
pretrain  110/600  train 8.7281e-02  val dz/du 1.0966e-01  val init 1.7082e-05
pretrain  120/600  train 7.1919e-02  val dz/du 8.9360e-02  val init 1.7309e-05
pretrain  130/600  train 6.0217e-02  val dz/du 5.6533e-02  val init 1.6529e-05  *
pretrain  140/600  train 5.6973e-02  val dz/du 5.1624e-02  val init 1.6350e-05  *
pretrain  150/600  train 5.2609e-02  val dz/du 5.0522e-02  val init 1.6215e-05  *
pretrain  160/600  train 3.6594e-02  val dz/du 3.9808e-02  val init 1.6076e-05  *
pretrain  170/600  train 4.1876e-02  val dz/du 4.2173e-02  val init 1.5957e-05
pretrain  180/600  train 2.9241e-02  val dz/du 3.2785e-02  val init 1.5852e-05  *
pretrain  190/600  train 3.6207e-02  val dz/du 4.7104e-02  val init 1.5848e-05
pretrain  200/600  train 4.1790e-02  val dz/du 5.9416e-02  val init 1.5789e-05
pretrain  210/600  train 4.1152e-02  val dz/du 4.9323e-02  val init 1.5612e-05
pretrain  220/600  train 3.5640e-02  val dz/du 3.3498e-02  val init 1.5472e-05
pretrain  230/600  train 2.9785e-02  val dz/du 4.3864e-02  val init 1.5376e-05
pretrain  240/600  train 4.2491e-02  val dz/du 4.2134e-02  val init 1.5553e-05
pretrain  250/600  train 3.7183e-02  val dz/du 3.5311e-02  val init 1.5230e-05
pretrain  260/600  train 2.4282e-02  val dz/du 2.5541e-02  val init 1.5121e-05  *
pretrain  270/600  train 2.0075e-02  val dz/du 2.2936e-02  val init 1.5136e-05  *
pretrain  280/600  train 1.9438e-02  val dz/du 2.2769e-02  val init 1.5072e-05  *
pretrain  290/600  train 1.8873e-02  val dz/du 2.2444e-02  val init 1.5038e-05  *
pretrain  300/600  train 1.8353e-02  val dz/du 2.1877e-02  val init 1.5007e-05  *
pretrain  310/600  train 1.8266e-02  val dz/du 2.1976e-02  val init 1.4961e-05
pretrain  320/600  train 1.7891e-02  val dz/du 2.1482e-02  val init 1.4924e-05  *
pretrain  330/600  train 3.3201e-02  val dz/du 2.9075e-02  val init 1.4954e-05
pretrain  340/600  train 2.5186e-02  val dz/du 2.3477e-02  val init 1.4824e-05
pretrain  350/600  train 2.0609e-02  val dz/du 2.4102e-02  val init 1.4999e-05
pretrain  360/600  train 2.0591e-02  val dz/du 2.4817e-02  val init 1.5001e-05
pretrain  370/600  train 1.6719e-02  val dz/du 2.0354e-02  val init 1.4747e-05  *
pretrain  380/600  train 1.6227e-02  val dz/du 1.9889e-02  val init 1.4728e-05  *
pretrain  390/600  train 1.6077e-02  val dz/du 1.9872e-02  val init 1.4701e-05  *
pretrain  400/600  train 1.5979e-02  val dz/du 1.9801e-02  val init 1.4686e-05  *
pretrain  410/600  train 1.6102e-02  val dz/du 1.9489e-02  val init 1.4671e-05  *
pretrain  420/600  train 1.5865e-02  val dz/du 1.9342e-02  val init 1.4657e-05  *
pretrain  430/600  train 1.5538e-02  val dz/du 1.9377e-02  val init 1.4643e-05
pretrain  440/600  train 1.7650e-02  val dz/du 2.0686e-02  val init 1.4637e-05
pretrain  450/600  train 2.1777e-02  val dz/du 2.2715e-02  val init 1.4632e-05
pretrain  460/600  train 1.4948e-02  val dz/du 1.9003e-02  val init 1.4596e-05  *
pretrain  470/600  train 1.5016e-02  val dz/du 1.8497e-02  val init 1.4604e-05  *
pretrain  480/600  train 1.5052e-02  val dz/du 1.8506e-02  val init 1.4585e-05
pretrain  490/600  train 1.4748e-02  val dz/du 1.8280e-02  val init 1.4574e-05  *
pretrain  500/600  train 1.4625e-02  val dz/du 1.8189e-02  val init 1.4577e-05  *
pretrain  510/600  train 1.4499e-02  val dz/du 1.8091e-02  val init 1.4569e-05  *
pretrain  520/600  train 1.4425e-02  val dz/du 1.7940e-02  val init 1.4558e-05  *
pretrain  530/600  train 1.4360e-02  val dz/du 1.8019e-02  val init 1.4552e-05
pretrain  540/600  train 1.4549e-02  val dz/du 1.7872e-02  val init 1.4563e-05  *
pretrain  550/600  train 1.4321e-02  val dz/du 1.7865e-02  val init 1.4543e-05  *
pretrain  560/600  train 1.4263e-02  val dz/du 1.7772e-02  val init 1.4536e-05  *
pretrain  570/600  train 1.4177e-02  val dz/du 1.7702e-02  val init 1.4530e-05  *
pretrain  580/600  train 1.4386e-02  val dz/du 1.7789e-02  val init 1.4532e-05
pretrain  590/600  train 1.4055e-02  val dz/du 1.7706e-02  val init 1.4532e-05
pretrain  600/600  train 1.3993e-02  val dz/du 1.7635e-02  val init 1.4526e-05  *
after pretraining -- val continuous rollout: T RMSE 11.38 K, mean |dlog10 Y| 0.130, max log10 Y +0.02 dex   <-- UNPHYSICAL (Y up to 1.04)

=== stage0_L8: window_len=8 stride=4 epochs=40 lr=1.5e-04 batch=512 | train windows 37500 val 8000 ===
[stage0_L8] ep    2/40  tot 1.629e-02  traj 1.333e-05  end 1.524e-05  drv 1.626e-02  val 4.4961e-06  lr 1.50e-04  13.3s  *
[stage0_L8] ep    4/40  tot 1.525e-02  traj 1.321e-05  end 1.494e-05  drv 1.523e-02  val 4.2793e-06  lr 1.50e-04  12.9s  *
[stage0_L8] ep    6/40  tot 1.745e-02  traj 1.332e-05  end 1.522e-05  drv 1.742e-02  val 4.5510e-06  lr 1.50e-04  12.5s
[stage0_L8] ep    8/40  tot 1.707e-02  traj 1.334e-05  end 1.529e-05  drv 1.704e-02  val 4.5031e-06  lr 1.50e-04  12.5s
[stage0_L8] ep   10/40  tot 1.666e-02  traj 1.337e-05  end 1.532e-05  drv 1.663e-02  val 4.8855e-06  lr 1.50e-04  13.4s
[stage0_L8] ep   12/40  tot 1.943e-02  traj 1.337e-05  end 1.544e-05  drv 1.940e-02  val 5.0556e-06  lr 1.50e-04  13.0s
[stage0_L8] ep   14/40  tot 1.686e-02  traj 1.334e-05  end 1.517e-05  drv 1.683e-02  val 4.7441e-06  lr 1.50e-04  12.9s
[stage0_L8] ep   16/40  tot 1.915e-02  traj 1.348e-05  end 1.563e-05  drv 1.912e-02  val 5.1092e-06  lr 7.50e-05  13.3s
[stage0_L8] ep   18/40  tot 1.501e-02  traj 1.323e-05  end 1.497e-05  drv 1.498e-02  val 4.3205e-06  lr 7.50e-05  12.4s
[stage0_L8] ep   20/40  tot 1.529e-02  traj 1.326e-05  end 1.501e-05  drv 1.526e-02  val 4.5034e-06  lr 7.50e-05  13.7s
[stage0_L8] ep   22/40  tot 1.472e-02  traj 1.318e-05  end 1.481e-05  drv 1.469e-02  val 4.1751e-06  lr 7.50e-05  13.3s  *
[stage0_L8] ep   24/40  tot 1.462e-02  traj 1.315e-05  end 1.478e-05  drv 1.459e-02  val 4.1619e-06  lr 7.50e-05  12.3s  *
[stage0_L8] ep   26/40  tot 1.536e-02  traj 1.320e-05  end 1.490e-05  drv 1.533e-02  val 4.3839e-06  lr 7.50e-05  12.9s
[stage0_L8] ep   28/40  tot 1.579e-02  traj 1.324e-05  end 1.496e-05  drv 1.577e-02  val 4.5381e-06  lr 7.50e-05  13.2s
[stage0_L8] ep   30/40  tot 1.556e-02  traj 1.322e-05  end 1.490e-05  drv 1.553e-02  val 4.2513e-06  lr 7.50e-05  12.9s
[stage0_L8] ep   32/40  tot 1.449e-02  traj 1.316e-05  end 1.475e-05  drv 1.446e-02  val 4.0037e-06  lr 7.50e-05  13.0s  *
[stage0_L8] ep   34/40  tot 1.447e-02  traj 1.313e-05  end 1.471e-05  drv 1.444e-02  val 3.9880e-06  lr 7.50e-05  12.4s  *
[stage0_L8] ep   36/40  tot 1.443e-02  traj 1.313e-05  end 1.470e-05  drv 1.440e-02  val 3.9572e-06  lr 7.50e-05  12.6s  *
[stage0_L8] ep   38/40  tot 1.507e-02  traj 1.317e-05  end 1.479e-05  drv 1.505e-02  val 4.2209e-06  lr 7.50e-05  12.7s
[stage0_L8] ep   40/40  tot 1.577e-02  traj 1.317e-05  end 1.481e-05  drv 1.574e-02  val 4.0895e-06  lr 7.50e-05  13.2s
  -> val continuous rollout: T RMSE 11.47 K, mean |dlog10 Y| 0.124, max log10 Y +0.01 dex   <-- UNPHYSICAL (Y up to 1.03)

=== stage1_L16: window_len=16 stride=8 epochs=40 lr=1.0e-04 batch=512 | train windows 18600 val 3968 ===
[stage1_L16] ep    2/40  tot 7.440e-03  traj 1.510e-05  end 1.904e-05  drv 1.566e-02  val 9.0684e-06  lr 1.00e-04  13.9s  *
[stage1_L16] ep    4/40  tot 7.519e-03  traj 1.511e-05  end 1.902e-05  drv 1.583e-02  val 1.0010e-05  lr 1.00e-04  13.0s
[stage1_L16] ep    6/40  tot 6.891e-03  traj 1.489e-05  end 1.847e-05  drv 1.450e-02  val 8.7891e-06  lr 1.00e-04  13.0s  *
[stage1_L16] ep    8/40  tot 6.852e-03  traj 1.490e-05  end 1.843e-05  drv 1.442e-02  val 8.7444e-06  lr 1.00e-04  13.1s  *
[stage1_L16] ep   10/40  tot 6.865e-03  traj 1.488e-05  end 1.837e-05  drv 1.445e-02  val 8.4388e-06  lr 1.00e-04  14.0s  *
[stage1_L16] ep   12/40  tot 6.898e-03  traj 1.484e-05  end 1.831e-05  drv 1.452e-02  val 8.5987e-06  lr 1.00e-04  13.7s
[stage1_L16] ep   14/40  tot 6.941e-03  traj 1.485e-05  end 1.829e-05  drv 1.461e-02  val 8.5690e-06  lr 1.00e-04  14.0s
[stage1_L16] ep   16/40  tot 6.863e-03  traj 1.483e-05  end 1.825e-05  drv 1.444e-02  val 8.2893e-06  lr 1.00e-04  14.0s  *
[stage1_L16] ep   18/40  tot 6.925e-03  traj 1.480e-05  end 1.818e-05  drv 1.457e-02  val 8.4315e-06  lr 1.00e-04  13.9s
[stage1_L16] ep   20/40  tot 6.883e-03  traj 1.483e-05  end 1.820e-05  drv 1.449e-02  val 8.1920e-06  lr 1.00e-04  14.0s  *
[stage1_L16] ep   22/40  tot 7.770e-03  traj 1.496e-05  end 1.864e-05  drv 1.636e-02  val 8.6157e-06  lr 1.00e-04  14.1s
[stage1_L16] ep   24/40  tot 8.240e-03  traj 1.534e-05  end 1.981e-05  drv 1.735e-02  val 1.2533e-05  lr 1.00e-04  14.3s
[stage1_L16] ep   26/40  tot 7.755e-03  traj 1.495e-05  end 1.862e-05  drv 1.633e-02  val 9.1068e-06  lr 1.00e-04  13.7s
[stage1_L16] ep   28/40  tot 7.710e-03  traj 1.497e-05  end 1.862e-05  drv 1.623e-02  val 8.2766e-06  lr 1.00e-04  14.1s
[stage1_L16] ep   30/40  tot 7.375e-03  traj 1.489e-05  end 1.842e-05  drv 1.552e-02  val 9.0194e-06  lr 1.00e-04  13.6s
[stage1_L16] ep   32/40  tot 7.766e-03  traj 1.486e-05  end 1.830e-05  drv 1.635e-02  val 8.6504e-06  lr 5.00e-05  14.0s
[stage1_L16] ep   34/40  tot 7.036e-03  traj 1.485e-05  end 1.831e-05  drv 1.481e-02  val 7.9863e-06  lr 5.00e-05  13.9s  *
[stage1_L16] ep   36/40  tot 6.832e-03  traj 1.478e-05  end 1.805e-05  drv 1.438e-02  val 8.2985e-06  lr 5.00e-05  13.5s
[stage1_L16] ep   38/40  tot 7.025e-03  traj 1.470e-05  end 1.799e-05  drv 1.479e-02  val 8.0751e-06  lr 5.00e-05  14.0s
[stage1_L16] ep   40/40  tot 6.832e-03  traj 1.463e-05  end 1.776e-05  drv 1.438e-02  val 7.9141e-06  lr 5.00e-05  13.3s  *
  -> val continuous rollout: T RMSE 9.88 K, mean |dlog10 Y| 0.113, max log10 Y -0.01 dex

=== stage2_L32: window_len=32 stride=16 epochs=40 lr=1.0e-04 batch=256 | train windows 9300 val 1984 ===
[stage2_L32] ep    2/40  tot 3.486e-03  traj 1.872e-05  end 2.654e-05  drv 1.539e-02  val 1.8765e-05  lr 1.00e-04  28.7s  *
[stage2_L32] ep    4/40  tot 3.678e-03  traj 2.057e-05  end 3.395e-05  drv 1.621e-02  val 4.2450e-05  lr 1.00e-04  29.8s
[stage2_L32] ep    6/40  tot 3.535e-03  traj 1.767e-05  end 2.426e-05  drv 1.562e-02  val 1.4034e-05  lr 1.00e-04  28.7s  *
[stage2_L32] ep    8/40  tot 3.371e-03  traj 1.757e-05  end 2.360e-05  drv 1.489e-02  val 1.4107e-05  lr 1.00e-04  29.1s
[stage2_L32] ep   10/40  tot 3.405e-03  traj 1.755e-05  end 2.380e-05  drv 1.504e-02  val 1.4007e-05  lr 1.00e-04  29.2s  *
[stage2_L32] ep   12/40  tot 3.600e-03  traj 1.862e-05  end 2.812e-05  drv 1.589e-02  val 1.4980e-05  lr 1.00e-04  29.0s
[stage2_L32] ep   14/40  tot 3.615e-03  traj 1.787e-05  end 2.459e-05  drv 1.598e-02  val 1.5457e-05  lr 1.00e-04  29.1s
[stage2_L32] ep   16/40  tot 3.321e-03  traj 1.733e-05  end 2.337e-05  drv 1.467e-02  val 1.6444e-05  lr 1.00e-04  29.1s
[stage2_L32] ep   18/40  tot 3.614e-03  traj 1.883e-05  end 2.726e-05  drv 1.596e-02  val 1.5136e-05  lr 1.00e-04  28.5s
[stage2_L32] ep   20/40  tot 3.485e-03  traj 1.756e-05  end 2.370e-05  drv 1.540e-02  val 1.3799e-05  lr 1.00e-04  28.9s  *
[stage2_L32] ep   22/40  tot 3.312e-03  traj 1.691e-05  end 2.214e-05  drv 1.464e-02  val 1.1852e-05  lr 1.00e-04  27.9s  *
[stage2_L32] ep   24/40  tot 3.448e-03  traj 1.707e-05  end 2.260e-05  drv 1.524e-02  val 1.2060e-05  lr 1.00e-04  28.1s
[stage2_L32] ep   26/40  tot 3.339e-03  traj 1.689e-05  end 2.163e-05  drv 1.476e-02  val 1.4001e-05  lr 1.00e-04  28.9s
[stage2_L32] ep   28/40  tot 3.276e-03  traj 1.685e-05  end 2.214e-05  drv 1.447e-02  val 1.5641e-05  lr 1.00e-04  28.7s
[stage2_L32] ep   30/40  tot 3.594e-03  traj 1.703e-05  end 2.255e-05  drv 1.590e-02  val 1.9972e-05  lr 1.00e-04  29.5s
[stage2_L32] ep   32/40  tot 3.624e-03  traj 1.789e-05  end 2.554e-05  drv 1.601e-02  val 1.4324e-05  lr 1.00e-04  28.5s
[stage2_L32] ep   34/40  tot 3.730e-03  traj 1.851e-05  end 2.672e-05  drv 1.648e-02  val 1.4956e-05  lr 5.00e-05  28.6s
[stage2_L32] ep   36/40  tot 3.255e-03  traj 1.653e-05  end 2.095e-05  drv 1.439e-02  val 1.0409e-05  lr 5.00e-05  29.2s  *
[stage2_L32] ep   38/40  tot 3.274e-03  traj 1.641e-05  end 2.065e-05  drv 1.448e-02  val 1.0506e-05  lr 5.00e-05  28.8s
[stage2_L32] ep   40/40  tot 3.225e-03  traj 1.628e-05  end 2.023e-05  drv 1.426e-02  val 1.0792e-05  lr 5.00e-05  28.9s
  -> val continuous rollout: T RMSE 6.63 K, mean |dlog10 Y| 0.069, max log10 Y +0.00 dex   <-- UNPHYSICAL (Y up to 1.01)

=== stage3_L64: window_len=64 stride=32 epochs=120 lr=6.0e-05 batch=128 | train windows 4500 val 960 ===
[stage3_L64] ep    2/120  tot 1.591e-03  traj 2.327e-05  end 4.100e-05  drv 1.443e-02  val 2.2648e-05  lr 6.00e-05  58.2s  *
[stage3_L64] ep    4/120  tot 1.575e-03  traj 2.003e-05  end 2.885e-05  drv 1.443e-02  val 1.7579e-05  lr 6.00e-05  57.0s  *
[stage3_L64] ep    6/120  tot 1.574e-03  traj 2.104e-05  end 3.287e-05  drv 1.437e-02  val 1.9412e-05  lr 6.00e-05  58.0s
[stage3_L64] ep    8/120  tot 1.563e-03  traj 1.999e-05  end 2.937e-05  drv 1.432e-02  val 2.0616e-05  lr 6.00e-05  56.4s
[stage3_L64] ep   10/120  tot 1.580e-03  traj 2.138e-05  end 3.367e-05  drv 1.442e-02  val 2.9253e-05  lr 6.00e-05  58.0s
[stage3_L64] ep   12/120  tot 1.561e-03  traj 1.993e-05  end 2.893e-05  drv 1.430e-02  val 1.7752e-05  lr 6.00e-05  56.3s
[stage3_L64] ep   14/120  tot 1.561e-03  traj 1.992e-05  end 2.996e-05  drv 1.429e-02  val 2.9096e-05  lr 6.00e-05  59.3s
[stage3_L64] ep   16/120  tot 1.543e-03  traj 1.913e-05  end 2.655e-05  drv 1.416e-02  val 2.9093e-05  lr 3.00e-05  57.5s
[stage3_L64] ep   18/120  tot 1.537e-03  traj 1.911e-05  end 2.719e-05  drv 1.410e-02  val 1.2741e-05  lr 3.00e-05  58.5s  *
[stage3_L64] ep   20/120  tot 1.522e-03  traj 1.819e-05  end 2.312e-05  drv 1.401e-02  val 1.1657e-05  lr 3.00e-05  56.6s  *
[stage3_L64] ep   22/120  tot 1.529e-03  traj 1.854e-05  end 2.430e-05  drv 1.405e-02  val 1.2275e-05  lr 3.00e-05  57.8s
[stage3_L64] ep   24/120  tot 1.527e-03  traj 1.809e-05  end 2.265e-05  drv 1.406e-02  val 1.5283e-05  lr 3.00e-05  57.7s
[stage3_L64] ep   26/120  tot 1.517e-03  traj 1.772e-05  end 2.121e-05  drv 1.398e-02  val 1.1140e-05  lr 3.00e-05  57.9s  *
[stage3_L64] ep   28/120  tot 1.520e-03  traj 1.789e-05  end 2.248e-05  drv 1.399e-02  val 1.1666e-05  lr 3.00e-05  58.4s
[stage3_L64] ep   30/120  tot 1.529e-03  traj 1.846e-05  end 2.442e-05  drv 1.405e-02  val 1.1938e-05  lr 3.00e-05  57.7s
[stage3_L64] ep   32/120  tot 1.522e-03  traj 1.788e-05  end 2.287e-05  drv 1.401e-02  val 1.2550e-05  lr 3.00e-05  57.7s
[stage3_L64] ep   34/120  tot 1.550e-03  traj 2.172e-05  end 3.495e-05  drv 1.413e-02  val 1.7035e-05  lr 3.00e-05  58.2s
[stage3_L64] ep   36/120  tot 1.526e-03  traj 1.813e-05  end 2.318e-05  drv 1.404e-02  val 1.0539e-05  lr 3.00e-05  57.4s  *
[stage3_L64] ep   38/120  tot 1.526e-03  traj 1.800e-05  end 2.276e-05  drv 1.405e-02  val 1.3135e-05  lr 3.00e-05  58.2s
[stage3_L64] ep   40/120  tot 1.524e-03  traj 1.787e-05  end 2.270e-05  drv 1.403e-02  val 1.4819e-05  lr 3.00e-05  58.5s
[stage3_L64] ep   42/120  tot 1.522e-03  traj 1.795e-05  end 2.310e-05  drv 1.401e-02  val 1.1034e-05  lr 3.00e-05  57.4s
[stage3_L64] ep   44/120  tot 1.525e-03  traj 1.781e-05  end 2.214e-05  drv 1.405e-02  val 1.7113e-05  lr 3.00e-05  58.6s
[stage3_L64] ep   46/120  tot 1.527e-03  traj 1.810e-05  end 2.347e-05  drv 1.405e-02  val 1.2162e-05  lr 3.00e-05  59.5s
[stage3_L64] ep   48/120  tot 1.534e-03  traj 1.799e-05  end 2.262e-05  drv 1.412e-02  val 1.8738e-05  lr 1.50e-05  58.5s
[stage3_L64] ep   50/120  tot 1.509e-03  traj 1.730e-05  end 2.066e-05  drv 1.392e-02  val 9.3044e-06  lr 1.50e-05  57.3s  *
[stage3_L64] ep   52/120  tot 1.506e-03  traj 1.739e-05  end 2.111e-05  drv 1.388e-02  val 1.0007e-05  lr 1.50e-05  59.0s
[stage3_L64] ep   54/120  tot 1.507e-03  traj 1.709e-05  end 2.035e-05  drv 1.390e-02  val 1.0080e-05  lr 1.50e-05  57.7s
[stage3_L64] ep   56/120  tot 1.507e-03  traj 1.732e-05  end 2.096e-05  drv 1.389e-02  val 1.1410e-05  lr 1.50e-05  57.6s
[stage3_L64] ep   58/120  tot 1.505e-03  traj 1.712e-05  end 1.994e-05  drv 1.388e-02  val 9.3475e-06  lr 1.50e-05  59.3s
[stage3_L64] ep   60/120  tot 1.504e-03  traj 1.711e-05  end 2.036e-05  drv 1.387e-02  val 1.0323e-05  lr 1.50e-05  57.8s
[stage3_L64] ep   62/120  tot 1.502e-03  traj 1.717e-05  end 2.017e-05  drv 1.385e-02  val 9.0085e-06  lr 1.50e-05  58.5s  *
[stage3_L64] ep   64/120  tot 1.505e-03  traj 1.713e-05  end 2.032e-05  drv 1.388e-02  val 1.0616e-05  lr 1.50e-05  57.1s
[stage3_L64] ep   66/120  tot 1.505e-03  traj 1.719e-05  end 2.029e-05  drv 1.388e-02  val 8.8886e-06  lr 1.50e-05  57.8s  *
[stage3_L64] ep   68/120  tot 1.505e-03  traj 1.730e-05  end 2.058e-05  drv 1.387e-02  val 1.0148e-05  lr 1.50e-05  57.8s
[stage3_L64] ep   70/120  tot 1.504e-03  traj 1.707e-05  end 2.027e-05  drv 1.387e-02  val 9.7949e-06  lr 1.50e-05  57.6s
[stage3_L64] ep   72/120  tot 1.504e-03  traj 1.696e-05  end 1.974e-05  drv 1.388e-02  val 1.1746e-05  lr 1.50e-05  58.1s
[stage3_L64] ep   74/120  tot 1.504e-03  traj 1.707e-05  end 1.976e-05  drv 1.387e-02  val 1.0286e-05  lr 1.50e-05  58.0s
[stage3_L64] ep   76/120  tot 1.499e-03  traj 1.700e-05  end 2.006e-05  drv 1.383e-02  val 9.4284e-06  lr 1.50e-05  58.0s
[stage3_L64] ep   78/120  tot 1.510e-03  traj 1.735e-05  end 2.066e-05  drv 1.392e-02  val 1.0077e-05  lr 7.50e-06  58.9s
[stage3_L64] ep   80/120  tot 1.496e-03  traj 1.677e-05  end 1.942e-05  drv 1.381e-02  val 8.7656e-06  lr 7.50e-06  58.4s  *
[stage3_L64] ep   82/120  tot 1.497e-03  traj 1.680e-05  end 1.915e-05  drv 1.382e-02  val 8.5780e-06  lr 7.50e-06  58.6s  *
[stage3_L64] ep   84/120  tot 1.493e-03  traj 1.676e-05  end 1.915e-05  drv 1.378e-02  val 8.4430e-06  lr 7.50e-06  59.1s  *
[stage3_L64] ep   86/120  tot 1.494e-03  traj 1.702e-05  end 1.978e-05  drv 1.378e-02  val 8.1989e-06  lr 7.50e-06  59.6s  *
[stage3_L64] ep   88/120  tot 1.496e-03  traj 1.689e-05  end 1.944e-05  drv 1.380e-02  val 8.4528e-06  lr 7.50e-06  58.8s
[stage3_L64] ep   90/120  tot 1.495e-03  traj 1.674e-05  end 1.904e-05  drv 1.380e-02  val 8.3832e-06  lr 7.50e-06  57.9s
[stage3_L64] ep   92/120  tot 1.493e-03  traj 1.669e-05  end 1.899e-05  drv 1.379e-02  val 8.2360e-06  lr 7.50e-06  58.0s
[stage3_L64] ep   94/120  tot 1.495e-03  traj 1.670e-05  end 1.927e-05  drv 1.380e-02  val 8.5227e-06  lr 7.50e-06  59.4s
[stage3_L64] ep   96/120  tot 1.496e-03  traj 1.683e-05  end 1.917e-05  drv 1.381e-02  val 1.0192e-05  lr 7.50e-06  58.2s
[stage3_L64] ep   98/120  tot 1.493e-03  traj 1.669e-05  end 1.906e-05  drv 1.378e-02  val 1.0028e-05  lr 3.75e-06  58.0s
[stage3_L64] ep  100/120  tot 1.490e-03  traj 1.672e-05  end 1.912e-05  drv 1.376e-02  val 8.5587e-06  lr 3.75e-06  55.8s
[stage3_L64] ep  102/120  tot 1.489e-03  traj 1.663e-05  end 1.867e-05  drv 1.375e-02  val 9.4604e-06  lr 3.75e-06  57.0s
[stage3_L64] ep  104/120  tot 1.490e-03  traj 1.659e-05  end 1.881e-05  drv 1.375e-02  val 8.2715e-06  lr 3.75e-06  56.6s
[stage3_L64] ep  106/120  tot 1.490e-03  traj 1.665e-05  end 1.887e-05  drv 1.376e-02  val 7.9929e-06  lr 3.75e-06  57.6s  *
[stage3_L64] ep  108/120  tot 1.491e-03  traj 1.673e-05  end 1.898e-05  drv 1.376e-02  val 8.5225e-06  lr 3.75e-06  58.2s
[stage3_L64] ep  110/120  tot 1.491e-03  traj 1.669e-05  end 1.914e-05  drv 1.376e-02  val 8.1718e-06  lr 3.75e-06  57.6s
[stage3_L64] ep  112/120  tot 1.490e-03  traj 1.680e-05  end 1.925e-05  drv 1.375e-02  val 8.0253e-06  lr 3.75e-06  59.3s
[stage3_L64] ep  114/120  tot 1.489e-03  traj 1.666e-05  end 1.876e-05  drv 1.374e-02  val 8.5585e-06  lr 3.75e-06  58.1s
[stage3_L64] ep  116/120  tot 1.489e-03  traj 1.659e-05  end 1.875e-05  drv 1.374e-02  val 8.9708e-06  lr 3.75e-06  58.4s
[stage3_L64] ep  118/120  tot 1.488e-03  traj 1.668e-05  end 1.932e-05  drv 1.374e-02  val 8.1708e-06  lr 1.88e-06  57.9s
[stage3_L64] ep  120/120  tot 1.486e-03  traj 1.656e-05  end 1.844e-05  drv 1.372e-02  val 8.0889e-06  lr 1.88e-06  57.8s
  -> val continuous rollout: T RMSE 3.63 K, mean |dlog10 Y| 0.047, max log10 Y -0.05 dex

=== stage4_L128: window_len=128 stride=64 epochs=120 lr=3.0e-05 batch=64 | train windows 2100 val 448 ===
[stage4_L128] ep    2/120  tot 7.157e-04  traj 2.940e-05  end 5.072e-05  drv 1.271e-02  val 3.6198e-05  lr 3.00e-05  109.0s  *
[stage4_L128] ep    4/120  tot 7.046e-04  traj 2.702e-05  end 4.440e-05  drv 1.266e-02  val 3.8830e-05  lr 3.00e-05  107.8s
[stage4_L128] ep    6/120  tot 8.335e-04  traj 5.928e-05  end 1.281e-04  drv 1.292e-02  val 1.1034e-04  lr 3.00e-05  109.4s
[stage4_L128] ep    8/120  tot 7.242e-04  traj 3.285e-05  end 5.721e-05  drv 1.268e-02  val 2.6189e-05  lr 3.00e-05  109.0s  *
[stage4_L128] ep   10/120  tot 6.860e-04  traj 2.197e-05  end 2.897e-05  drv 1.270e-02  val 2.1934e-05  lr 3.00e-05  110.1s  *
[stage4_L128] ep   12/120  tot 7.007e-04  traj 2.583e-05  end 3.929e-05  drv 1.271e-02  val 1.9508e-05  lr 3.00e-05  108.3s  *
[stage4_L128] ep   14/120  tot 6.835e-04  traj 2.162e-05  end 2.925e-05  drv 1.265e-02  val 3.0778e-05  lr 3.00e-05  109.5s
[stage4_L128] ep   16/120  tot 6.833e-04  traj 2.200e-05  end 2.981e-05  drv 1.263e-02  val 2.4570e-05  lr 3.00e-05  108.6s
[stage4_L128] ep   18/120  tot 7.015e-04  traj 2.643e-05  end 4.082e-05  drv 1.268e-02  val 2.6207e-05  lr 3.00e-05  108.1s
[stage4_L128] ep   20/120  tot 6.895e-04  traj 2.285e-05  end 3.162e-05  drv 1.270e-02  val 3.6821e-05  lr 3.00e-05  108.9s
[stage4_L128] ep   22/120  tot 6.938e-04  traj 2.461e-05  end 3.715e-05  drv 1.264e-02  val 3.4830e-05  lr 3.00e-05  109.0s
[stage4_L128] ep   24/120  tot 6.991e-04  traj 2.510e-05  end 3.779e-05  drv 1.272e-02  val 2.4191e-05  lr 1.50e-05  108.9s
[stage4_L128] ep   26/120  tot 6.721e-04  traj 1.963e-05  end 2.323e-05  drv 1.258e-02  val 1.4548e-05  lr 1.50e-05  110.4s  *
[stage4_L128] ep   28/120  tot 6.752e-04  traj 2.024e-05  end 2.532e-05  drv 1.259e-02  val 1.6519e-05  lr 1.50e-05  111.6s
[stage4_L128] ep   30/120  tot 6.753e-04  traj 2.045e-05  end 2.687e-05  drv 1.256e-02  val 2.5446e-05  lr 1.50e-05  109.9s
[stage4_L128] ep   32/120  tot 6.711e-04  traj 1.926e-05  end 2.339e-05  drv 1.257e-02  val 1.7460e-05  lr 1.50e-05  110.0s
[stage4_L128] ep   34/120  tot 6.708e-04  traj 1.920e-05  end 2.285e-05  drv 1.258e-02  val 1.3691e-05  lr 1.50e-05  111.5s  *
[stage4_L128] ep   36/120  tot 6.714e-04  traj 1.955e-05  end 2.330e-05  drv 1.257e-02  val 1.2975e-05  lr 1.50e-05  108.6s  *
[stage4_L128] ep   38/120  tot 6.771e-04  traj 2.105e-05  end 2.759e-05  drv 1.257e-02  val 2.0163e-05  lr 1.50e-05  108.4s
[stage4_L128] ep   40/120  tot 6.745e-04  traj 1.978e-05  end 2.508e-05  drv 1.259e-02  val 2.0150e-05  lr 1.50e-05  108.0s
[stage4_L128] ep   42/120  tot 6.754e-04  traj 2.052e-05  end 2.546e-05  drv 1.259e-02  val 1.4220e-05  lr 1.50e-05  109.7s
[stage4_L128] ep   44/120  tot 6.715e-04  traj 1.970e-05  end 2.343e-05  drv 1.257e-02  val 1.6219e-05  lr 1.50e-05  108.6s
[stage4_L128] ep   46/120  tot 6.709e-04  traj 1.881e-05  end 2.188e-05  drv 1.260e-02  val 1.5911e-05  lr 1.50e-05  109.0s
[stage4_L128] ep   48/120  tot 6.735e-04  traj 1.975e-05  end 2.440e-05  drv 1.259e-02  val 1.4457e-05  lr 7.50e-06  107.3s
[stage4_L128] ep   50/120  tot 6.664e-04  traj 1.852e-05  end 2.129e-05  drv 1.253e-02  val 1.1630e-05  lr 7.50e-06  108.3s  *
[stage4_L128] ep   52/120  tot 6.677e-04  traj 1.880e-05  end 2.185e-05  drv 1.254e-02  val 1.2821e-05  lr 7.50e-06  108.2s
[stage4_L128] ep   54/120  tot 6.690e-04  traj 1.928e-05  end 2.323e-05  drv 1.253e-02  val 1.6054e-05  lr 7.50e-06  106.6s
[stage4_L128] ep   56/120  tot 6.668e-04  traj 1.899e-05  end 2.230e-05  drv 1.251e-02  val 1.1441e-05  lr 7.50e-06  106.7s  *
[stage4_L128] ep   58/120  tot 6.660e-04  traj 1.867e-05  end 2.161e-05  drv 1.251e-02  val 1.3607e-05  lr 7.50e-06  108.0s
[stage4_L128] ep   60/120  tot 6.645e-04  traj 1.838e-05  end 2.065e-05  drv 1.251e-02  val 1.1110e-05  lr 7.50e-06  107.1s  *
[stage4_L128] ep   62/120  tot 6.661e-04  traj 1.866e-05  end 2.137e-05  drv 1.252e-02  val 1.1809e-05  lr 7.50e-06  107.1s
[stage4_L128] ep   64/120  tot 6.668e-04  traj 1.882e-05  end 2.158e-05  drv 1.253e-02  val 1.1425e-05  lr 7.50e-06  108.0s
[stage4_L128] ep   66/120  tot 6.665e-04  traj 1.874e-05  end 2.195e-05  drv 1.252e-02  val 1.9427e-05  lr 7.50e-06  108.4s
[stage4_L128] ep   68/120  tot 6.666e-04  traj 1.892e-05  end 2.186e-05  drv 1.252e-02  val 1.2003e-05  lr 7.50e-06  108.1s
[stage4_L128] ep   70/120  tot 6.659e-04  traj 1.842e-05  end 2.110e-05  drv 1.253e-02  val 1.1542e-05  lr 7.50e-06  108.1s
[stage4_L128] ep   72/120  tot 6.675e-04  traj 1.862e-05  end 2.154e-05  drv 1.255e-02  val 1.3724e-05  lr 3.75e-06  108.0s
[stage4_L128] ep   74/120  tot 6.636e-04  traj 1.837e-05  end 2.030e-05  drv 1.250e-02  val 1.0554e-05  lr 3.75e-06  108.6s  *
[stage4_L128] ep   76/120  tot 6.628e-04  traj 1.805e-05  end 2.013e-05  drv 1.249e-02  val 1.1568e-05  lr 3.75e-06  108.0s
[stage4_L128] ep   78/120  tot 6.635e-04  traj 1.841e-05  end 2.074e-05  drv 1.249e-02  val 1.1376e-05  lr 3.75e-06  105.8s
[stage4_L128] ep   80/120  tot 6.630e-04  traj 1.814e-05  end 2.054e-05  drv 1.249e-02  val 1.0295e-05  lr 3.75e-06  108.5s  *
[stage4_L128] ep   82/120  tot 6.656e-04  traj 1.898e-05  end 2.203e-05  drv 1.249e-02  val 1.1646e-05  lr 3.75e-06  107.5s
[stage4_L128] ep   84/120  tot 6.626e-04  traj 1.818e-05  end 2.013e-05  drv 1.249e-02  val 1.2210e-05  lr 3.75e-06  108.2s
[stage4_L128] ep   86/120  tot 6.630e-04  traj 1.820e-05  end 2.060e-05  drv 1.248e-02  val 1.0910e-05  lr 3.75e-06  107.0s
[stage4_L128] ep   88/120  tot 6.643e-04  traj 1.847e-05  end 2.052e-05  drv 1.251e-02  val 1.0739e-05  lr 3.75e-06  107.2s
[stage4_L128] ep   90/120  tot 6.643e-04  traj 1.853e-05  end 2.111e-05  drv 1.249e-02  val 1.1001e-05  lr 3.75e-06  107.1s
[stage4_L128] ep   92/120  tot 6.646e-04  traj 1.871e-05  end 2.096e-05  drv 1.250e-02  val 1.1165e-05  lr 1.88e-06  108.2s
[stage4_L128] ep   94/120  tot 6.620e-04  traj 1.817e-05  end 2.020e-05  drv 1.247e-02  val 1.0584e-05  lr 1.88e-06  110.2s
[stage4_L128] ep   96/120  tot 6.617e-04  traj 1.805e-05  end 1.988e-05  drv 1.248e-02  val 1.0086e-05  lr 1.88e-06  108.8s  *
[stage4_L128] ep   98/120  tot 6.624e-04  traj 1.824e-05  end 2.059e-05  drv 1.247e-02  val 9.9009e-06  lr 1.88e-06  109.7s  *
[stage4_L128] ep  100/120  tot 6.617e-04  traj 1.801e-05  end 1.989e-05  drv 1.248e-02  val 1.1260e-05  lr 1.88e-06  107.7s
[stage4_L128] ep  102/120  tot 6.618e-04  traj 1.799e-05  end 2.003e-05  drv 1.248e-02  val 1.0143e-05  lr 1.88e-06  109.3s
[stage4_L128] ep  104/120  tot 6.620e-04  traj 1.818e-05  end 2.031e-05  drv 1.247e-02  val 1.1594e-05  lr 1.88e-06  109.3s
[stage4_L128] ep  106/120  tot 6.615e-04  traj 1.783e-05  end 1.999e-05  drv 1.247e-02  val 1.0374e-05  lr 1.88e-06  109.9s
[stage4_L128] ep  108/120  tot 6.608e-04  traj 1.763e-05  end 1.916e-05  drv 1.248e-02  val 1.0521e-05  lr 1.88e-06  110.8s
[stage4_L128] ep  110/120  tot 6.615e-04  traj 1.792e-05  end 2.003e-05  drv 1.247e-02  val 1.0439e-05  lr 9.38e-07  108.9s
[stage4_L128] ep  112/120  tot 6.605e-04  traj 1.802e-05  end 1.940e-05  drv 1.246e-02  val 1.0270e-05  lr 9.38e-07  109.8s
[stage4_L128] ep  114/120  tot 6.613e-04  traj 1.809e-05  end 1.994e-05  drv 1.247e-02  val 9.8934e-06  lr 9.38e-07  109.1s  *
[stage4_L128] ep  116/120  tot 6.608e-04  traj 1.784e-05  end 1.978e-05  drv 1.246e-02  val 9.9710e-06  lr 9.38e-07  110.5s
[stage4_L128] ep  118/120  tot 6.606e-04  traj 1.780e-05  end 1.963e-05  drv 1.246e-02  val 1.1255e-05  lr 9.38e-07  109.3s
[stage4_L128] ep  120/120  tot 6.610e-04  traj 1.787e-05  end 1.988e-05  drv 1.247e-02  val 9.9261e-06  lr 9.38e-07  109.5s
  -> val continuous rollout: T RMSE 2.63 K, mean |dlog10 Y| 0.038, max log10 Y -0.11 dex

=== anchor: rollout length 502 from t=0, epochs=120, lr=2.0e-05 ===
[anchor] ep    2/120  traj 4.282e-03  val 2.2803e-05  lr 2.00e-05  819.7s  *
[anchor] ep    4/120  traj 4.245e-03  val 1.5174e-05  lr 2.00e-05  807.4s  *
[anchor] ep    6/120  traj 4.232e-03  val 1.8788e-05  lr 2.00e-05  794.9s
[anchor] ep    8/120  traj 4.212e-03  val 2.1636e-05  lr 2.00e-05  806.5s
[anchor] ep   10/120  traj 4.211e-03  val 1.6856e-05  lr 2.00e-05  802.0s
[anchor] ep   12/120  traj 4.207e-03  val 1.7773e-05  lr 2.00e-05  810.9s
[anchor] ep   14/120  traj 4.209e-03  val 3.1061e-05  lr 2.00e-05  804.6s
[anchor] ep   16/120  traj 4.249e-03  val 2.3146e-05  lr 1.00e-05  813.7s
[anchor] ep   18/120  traj 4.172e-03  val 1.4980e-05  lr 1.00e-05  816.0s  *
[anchor] ep   20/120  traj 4.169e-03  val 1.3479e-05  lr 1.00e-05  817.7s  *
[anchor] ep   22/120  traj 4.169e-03  val 1.4244e-05  lr 1.00e-05  819.7s
[anchor] ep   24/120  traj 4.165e-03  val 1.4394e-05  lr 1.00e-05  817.3s
[anchor] ep   26/120  traj 4.164e-03  val 1.2919e-05  lr 1.00e-05  818.7s  *
[anchor] ep   28/120  traj 4.164e-03  val 1.7005e-05  lr 1.00e-05  820.2s
[anchor] ep   30/120  traj 4.167e-03  val 1.5775e-05  lr 1.00e-05  818.2s
[anchor] ep   32/120  traj 4.166e-03  val 1.3131e-05  lr 1.00e-05  823.2s
[anchor] ep   34/120  traj 4.165e-03  val 1.3005e-05  lr 1.00e-05  825.5s
[anchor] ep   36/120  traj 4.165e-03  val 1.5038e-05  lr 1.00e-05  822.8s
[anchor] ep   38/120  traj 4.167e-03  val 1.3447e-05  lr 5.00e-06  830.4s
[anchor] ep   40/120  traj 4.161e-03  val 1.2727e-05  lr 5.00e-06  822.1s  *
[anchor] ep   42/120  traj 4.150e-03  val 1.3707e-05  lr 5.00e-06  823.0s
[anchor] ep   44/120  traj 4.147e-03  val 1.2928e-05  lr 5.00e-06  824.2s
[anchor] ep   46/120  traj 4.144e-03  val 1.3643e-05  lr 5.00e-06  822.9s
[anchor] ep   48/120  traj 4.143e-03  val 1.2730e-05  lr 5.00e-06  826.3s
[anchor] ep   50/120  traj 4.145e-03  val 1.2899e-05  lr 5.00e-06  827.5s
device: cuda
cases=429  points/case=502  state dim=28 (dropped: ['AR'])
split  train=300 val=64 test=65
t_ign defining the coordinate: MEASURED  -- inference must predict it, so the deployed grid is shifted by the correlation error
time coordinate: IGNITION-ALIGNED (tau = (t+delta)/t_ign; ignition at the same u for every case)
  t_ign correlation: 0.004 dex RMS on train, 0.004 on test (needed to build u at inference)
  t_ign basis 'cubic': 1000/T0 + log10 P + O2/CH4 + H2O/CH4 + 1000/T0*1000/T0 + 1000/T0*log10 P + 1000/T0*O2/CH4 + 1000/T0*H2O/CH4 + log10 P*log10 P + log10 P*O2/CH4 + log10 P*H2O/CH4 + O2/CH4*O2/CH4 + O2/CH4*H2O/CH4 + H2O/CH4*H2O/CH4 + 1000/T0*1000/T0*1000/T0 + 1000/T0*1000/T0*log10 P + 1000/T0*1000/T0*O2/CH4 + 1000/T0*1000/T0*H2O/CH4 + 1000/T0*log10 P*log10 P + 1000/T0*log10 P*O2/CH4 + 1000/T0*log10 P*H2O/CH4 + 1000/T0*O2/CH4*O2/CH4 + 1000/T0*O2/CH4*H2O/CH4 + 1000/T0*H2O/CH4*H2O/CH4 + log10 P*log10 P*log10 P + log10 P*log10 P*O2/CH4 + log10 P*log10 P*H2O/CH4 + log10 P*O2/CH4*O2/CH4 + log10 P*O2/CH4*H2O/CH4 + log10 P*H2O/CH4*H2O/CH4 + O2/CH4*O2/CH4*O2/CH4 + O2/CH4*O2/CH4*H2O/CH4 + O2/CH4*H2O/CH4*H2O/CH4 + H2O/CH4*H2O/CH4*H2O/CH4 + const
  t_ign basis comparison (dex RMS; choose on val):
     arrhenius      train 0.0403  val 0.0391  test 0.0359
     arrhenius_log  train 0.0400  val 0.0382  test 0.0354
     quadratic      train 0.0125  val 0.0131  test 0.0106
     cubic          train 0.0041  val 0.0041  test 0.0043  <- in use
     rbf            train 0.0000  val 0.0029  test 0.0018
  NOTE: under predicted alignment the model's ignition error is this number,
        not the t_ign_dex reported with true alignment.
log-time: delta=3.533e-10s  s in [-6.27,6.65] (12.92 decades)
T range 1104.3..3281.7 K   log10Y range -12.00..0.00
|dz/dt| max = 9.567e+14 1/s  ->  |dz/du| max = 1.482e+04  (rate_scale max 5.928e+02, 9.31% of targets replaced by central diff)
first sampled interval jumps up to 5.08 decades (median case 4.84); the ODE must cross this unaided -- raise y_floor if it is large
species scaling: 'physical' -- one z-unit is 6.00 decades in every species channel
  -> |z| <= 1 on the species channels IS 0 <= Y <= 1; box=1.005 targets Y <= 1.072 (soft gate, so a long step can still overshoot it)
initial-state noise: 0.03 decades on every species channel
rate loss: 'symlog', eps DERIVED from a 0.05-decade / 5 K drift budget over du_induction=0.316
  eps: T 2.6e-05   species 4.5e-05..5.0e-01   tightest: CH 4.5e-05, CH2 8.1e-05, C2H2 8.8e-05, CH2(S) 9.3e-05
  (a channel needing eps below 1e-6 is clipped there; 0 of 28 are)
rate head: 'sinh' k=10, resolution near zero 37x finer than the linear head of the same bound
phase balance: OFF -- the trajectory loss is dominated by the ignition window
first interval: handled by a learned MAP (anchor=1); the ODE starts at sample 1,
       so the 5.08-decade jump is not the field's problem and no window starts at t=0
field: f(z, u, c) -- reads the clock. Ignition timing can be taken from u rather than from the state.
augmented channels: 0  (none -- the flow must be representable in z alone)
conditioning: ['p', 'T0', 'O2/CH4', 'H2O/CH4']
NOTE: val u reaches 1.0076 > 1 -- 1 case(s) run longer than any training case, so the model extrapolates in time there
split membership (case indices, as reported by chemnode_eval.py):
  train (300 cases): T0 1203-2041 K  P 49.0-73.0 bar  O2/CH4 0.476-0.804  H2O/CH4 0.357-0.437
        t_ign 5.213e-07 - 6.358e-04 s
           0    2    3    4    7    8    9   11   12   18   19   20   24   25   26   27   29   30   32   33
          37   38   40   44   45   46   47   48   50   51   52   53   54   55   56   58   59   60   61   62
          64   66   67   68   70   72   73   75   77   79   80   81   82   83   84   86   88   89   91   92
          93   94   95   96   98  100  101  104  107  108  112  115  118  119  120  121  124  126  127  128
         130  131  132  133  134  135  138  140  143  144  145  146  147  148  149  150  151  152  153  154
         155  156  158  159  161  162  164  165  166  168  169  171  172  173  174  176  178  179  180  181
         183  184  185  186  191  192  193  196  197  198  200  201  202  203  204  205  207  210  211  213
         214  215  216  217  219  222  225  226  227  228  229  230  231  232  233  234  235  236  238  239
         241  242  243  244  245  246  247  248  249  250  251  252  253  254  255  256  257  258  259  260
         261  262  263  264  265  268  269  270  271  273  276  280  281  282  283  284  285  288  289  291
         292  293  294  295  298  299  302  304  305  306  307  308  310  311  315  318  319  321  322  323
         326  327  328  330  331  332  334  336  337  338  339  340  341  342  344  345  346  347  349  350
         351  353  354  355  356  357  358  359  360  362  363  364  367  368  370  371  372  373  374  375
         376  377  381  382  383  384  385  386  388  389  390  391  393  395  398  399  400  402  403  404
         405  406  408  409  410  411  412  414  416  417  418  419  420  421  422  424  425  426  427  428
  val   ( 64 cases): T0 1221-2029 K  P 49.7-72.5 bar  O2/CH4 0.482-0.803  H2O/CH4 0.357-0.438
        t_ign 5.976e-07 - 4.008e-04 s
           1    5   10   13   21   28   39   63   65   69   71   74   78   85   87   90   99  103  106  111
         114  116  117  123  125  142  157  170  177  187  188  189  199  206  209  218  220  221  223  224
         266  274  277  278  301  312  324  329  335  343  348  352  361  365  369  378  380  387  392  394
         397  407  415  423
  test  ( 65 cases): T0 1213-2043 K  P 49.4-72.6 bar  O2/CH4 0.479-0.801  H2O/CH4 0.359-0.438
        t_ign 4.863e-07 - 4.109e-04 s
           6   14   15   16   17   22   23   31   34   35   36   41   42   43   49   57   76   97  102  105
         109  110  113  122  129  136  137  139  141  160  163  167  175  182  190  194  195  208  212  237
         240  267  272  275  279  286  287  290  296  297  300  303  309  313  314  316  317  320  325  333
         366  379  396  401  413
parameters: 2.23 M
pretrain: loaded existing checkpoint
after pretraining -- val continuous rollout: T RMSE 11.38 K, mean |dlog10 Y| 0.130, max log10 Y +0.02 dex   <-- UNPHYSICAL (Y up to 1.04)
[stage0_L8] already complete -- loaded (val 3.9572e-06)
  -> val continuous rollout: T RMSE 11.47 K, mean |dlog10 Y| 0.124, max log10 Y +0.01 dex   <-- UNPHYSICAL (Y up to 1.03)
[stage1_L16] already complete -- loaded (val 7.9141e-06)
  -> val continuous rollout: T RMSE 9.88 K, mean |dlog10 Y| 0.113, max log10 Y -0.01 dex
[stage2_L32] already complete -- loaded (val 1.0409e-05)
  -> val continuous rollout: T RMSE 6.63 K, mean |dlog10 Y| 0.069, max log10 Y +0.00 dex   <-- UNPHYSICAL (Y up to 1.01)
[stage3_L64] already complete -- loaded (val 7.9929e-06)
  -> val continuous rollout: T RMSE 3.63 K, mean |dlog10 Y| 0.047, max log10 Y -0.05 dex
[stage4_L128] already complete -- loaded (val 9.8934e-06)
  -> val continuous rollout: T RMSE 2.63 K, mean |dlog10 Y| 0.038, max log10 Y -0.11 dex

=== anchor: rollout length 502 from t=0, epochs=52, lr=2.0e-05 ===
[anchor] resuming at epoch 51 (best val 1.2727e-05, lr 5.00e-06)
[anchor] ep   52/52  traj 4.145e-03  val 1.3543e-05  lr 2.50e-06  813.6s
  -> val continuous rollout: T RMSE 2.06 K, mean |dlog10 Y| 0.019, max log10 Y -0.09 dex
saved runs/fixed/final.pt

val: with the MEASURED delay   T RMSE    2.06 K   mean |dlog10 Y| 0.019   max log10 Y -0.09 dex
val: with the PREDICTED delay  T RMSE   41.45 K   mean |dlog10 Y| 0.068   max log10 Y -0.14 dex   t_ign err 0.003 dex

test: with the MEASURED delay   T RMSE    2.40 K   mean |dlog10 Y| 0.019   max log10 Y -0.10 dex
test: with the PREDICTED delay  T RMSE   45.83 K   mean |dlog10 Y| 0.073   max log10 Y -0.14 dex   t_ign err 0.003 dex
the second line is the deployed number: at a new operating point the delay has to
be predicted. Report it, not the first line.
